// Jest Snapshot v1, https://goo.gl/fbAQLP

exports[`renders correctly 1`] = `
<View
  style={
    Array [
      Object {
        "position": "relative",
      },
      Object {
        "borderBottomWidth": 3,
        "borderColor": undefined,
      },
    ]
  }
>
  <View>
    <View
      style={
        Object {
          "backgroundColor": "#f6f6f6",
        }
      }
    >
      <View
        accessibilityRole="button"
        accessibilityState={
          Object {
            "disabled": false,
            "expanded": false,
          }
        }
        accessible={true}
        focusable={true}
        onClick={[Function]}
        onResponderGrant={[Function]}
        onResponderMove={[Function]}
        onResponderRelease={[Function]}
        onResponderTerminate={[Function]}
        onResponderTerminationRequest={[Function]}
        onStartShouldSetResponder={[Function]}
        style={
          Array [
            Object {
              "overflow": "hidden",
            },
            Array [
              Object {
                "padding": 8,
              },
              Object {
                "paddingVertical": 16,
              },
            ],
          ]
        }
        testID="btn:onPress"
      >
        <View
          pointerEvents="none"
          style={
            Object {
              "alignItems": "center",
              "flexDirection": "row",
            }
          }
        >
          <View
            style={
              Object {
                "paddingHorizontal": 8,
              }
            }
          >
            <RNSVGSvgView
              bbHeight={24}
              bbWidth={24}
              fill="none"
              focusable={false}
              height={24}
              style={
                Array [
                  Object {
                    "backgroundColor": "transparent",
                    "borderWidth": 0,
                  },
                  Object {
                    "flex": 0,
                    "height": 24,
                    "width": 24,
                  },
                ]
              }
              width={24}
            >
              <RNSVGGroup
                fill={null}
                propList={
                  Array [
                    "fill",
                  ]
                }
              >
                <RNSVGPath
                  d="M21 0H3a3 3 0 0 0-3 3v18a3 3 0 0 0 3 3h18a3 3 0 0 0 3-3V3a3 3 0 0 0-3-3Z"
                  fill={4294755072}
                  propList={
                    Array [
                      "fill",
                    ]
                  }
                />
                <RNSVGPath
                  d="M5.006 19.032a3.486 3.486 0 0 1 0-4.93L9.508 9.6l4.93 4.93-4.502 4.502a3.486 3.486 0 0 1-4.93 0Z"
                  fill={4294922496}
                  propList={
                    Array [
                      "fill",
                    ]
                  }
                />
                <RNSVGPath
                  d="M18.953 5.006a3.486 3.486 0 0 0-4.93 0L9.46 9.571l4.93 4.93 4.564-4.565a3.486 3.486 0 0 0 0-4.93Z"
                  fill={4294967295}
                  opacity={0.9}
                  propList={
                    Array [
                      "fill",
                    ]
                  }
                />
                <RNSVGPath
                  d="m10.719 8.31-1.26 1.26 4.93 4.93 1.26-1.26-4.93-4.93Z"
                  fill={4294967295}
                  propList={
                    Array [
                      "fill",
                    ]
                  }
                />
                <RNSVGPath
                  d="m11.142 7.906-1.26 1.26 4.93 4.93 1.26-1.26-4.93-4.93Z"
                  fill={4278190080}
                  opacity={0.1}
                  propList={
                    Array [
                      "fill",
                    ]
                  }
                />
                <RNSVGPath
                  d="m10.719 8.33-1.26 1.26 4.93 4.93 1.26-1.26-4.93-4.93Z"
                  fill={4294967295}
                  propList={
                    Array [
                      "fill",
                    ]
                  }
                />
              </RNSVGGroup>
            </RNSVGSvgView>
          </View>
          <View
            style={
              Array [
                Object {
                  "margin": 8,
                },
                Object {
                  "flex": 1,
                  "justifyContent": "center",
                },
              ]
            }
          >
            <Text
              numberOfLines={1}
              selectable={false}
              style={
                Array [
                  Object {
                    "color": "#000000",
                    "fontFamily": "System",
                    "fontWeight": "400",
                  },
                  Object {
                    "textAlign": "left",
                  },
                  Array [
                    Object {
                      "fontSize": 16,
                    },
                    Object {
                      "color": "rgba(0, 0, 0, 0.87)",
                    },
                    undefined,
                  ],
                ]
              }
            >
              Paracetamol -  $20
            </Text>
          </View>
          <View
            style={
              Array [
                Object {
                  "margin": 8,
                },
                undefined,
              ]
            }
          />
        </View>
      </View>
    </View>
  </View>
  <View
    style={
      Object {
        "alignItems": "center",
        "bottom": 0,
        "flexDirection": "row",
        "justifyContent": "flex-end",
        "position": "absolute",
        "right": 10,
        "top": 0,
      }
    }
  >
    <View
      accessibilityRole="button"
      accessibilityState={
        Object {
          "disabled": false,
        }
      }
      accessible={true}
      focusable={true}
      hitSlop={
        Object {
          "bottom": 6,
          "left": 6,
          "right": 6,
          "top": 6,
        }
      }
      onClick={[Function]}
      onResponderGrant={[Function]}
      onResponderMove={[Function]}
      onResponderRelease={[Function]}
      onResponderTerminate={[Function]}
      onResponderTerminationRequest={[Function]}
      onStartShouldSetResponder={[Function]}
      style={
        Array [
          Object {
            "overflow": "hidden",
          },
          Array [
            Object {
              "alignItems": "center",
              "justifyContent": "center",
              "margin": 6,
              "overflow": "hidden",
            },
            Object {
              "borderRadius": 16.5,
              "height": 33,
              "width": 33,
            },
            undefined,
            undefined,
          ],
        ]
      }
      testID="btn:onEdit"
    >
      <View>
        <Text
          accessibilityElementsHidden={true}
          allowFontScaling={false}
          importantForAccessibility="no-hide-descendants"
          pointerEvents="none"
          selectable={false}
          style={
            Array [
              Object {
                "color": "#000000",
                "fontSize": 22,
              },
              Array [
                Object {
                  "lineHeight": 22,
                  "transform": Array [
                    Object {
                      "scaleX": 1,
                    },
                  ],
                },
                Object {
                  "backgroundColor": "transparent",
                },
              ],
              Object {
                "fontFamily": "material-community",
                "fontStyle": "normal",
                "fontWeight": "normal",
              },
              Object {},
            ]
          }
        >
          Û∞ôè
        </Text>
      </View>
    </View>
    <View
      accessibilityRole="button"
      accessibilityState={
        Object {
          "disabled": false,
        }
      }
      accessible={true}
      focusable={true}
      hitSlop={
        Object {
          "bottom": 6,
          "left": 6,
          "right": 6,
          "top": 6,
        }
      }
      onClick={[Function]}
      onResponderGrant={[Function]}
      onResponderMove={[Function]}
      onResponderRelease={[Function]}
      onResponderTerminate={[Function]}
      onResponderTerminationRequest={[Function]}
      onStartShouldSetResponder={[Function]}
      style={
        Array [
          Object {
            "overflow": "hidden",
          },
          Array [
            Object {
              "alignItems": "center",
              "justifyContent": "center",
              "margin": 6,
              "overflow": "hidden",
            },
            Object {
              "borderRadius": 16.5,
              "height": 33,
              "width": 33,
            },
            undefined,
            undefined,
          ],
        ]
      }
      testID="btn:onDelete"
    >
      <View>
        <Text
          accessibilityElementsHidden={true}
          allowFontScaling={false}
          importantForAccessibility="no-hide-descendants"
          pointerEvents="none"
          selectable={false}
          style={
            Array [
              Object {
                "color": "#000000",
                "fontSize": 22,
              },
              Array [
                Object {
                  "lineHeight": 22,
                  "transform": Array [
                    Object {
                      "scaleX": 1,
                    },
                  ],
                },
                Object {
                  "backgroundColor": "transparent",
                },
              ],
              Object {
                "fontFamily": "material-community",
                "fontStyle": "normal",
                "fontWeight": "normal",
              },
              Object {},
            ]
          }
        >
          Û∞©π
        </Text>
      </View>
    </View>
  </View>
</View>
`;
